Status	/scratch/user/smit1924/preeclampsia_sex_chromosome_informed/deduplicated_clearBox/deduplicated_bams/SCP3954_marked_duplicates.bam	/scratch/user/smit1924/preeclampsia_sex_chromosome_informed/deduplicated_clearBox/deduplicated_bams/SCP4733_marked_duplicates.bam	/scratch/user/smit1924/preeclampsia_sex_chromosome_informed/deduplicated_clearBox/deduplicated_bams/STP0148_marked_duplicates.bam	/scratch/user/smit1924/preeclampsia_sex_chromosome_informed/deduplicated_clearBox/deduplicated_bams/STP0596_marked_duplicates.bam	/scratch/user/smit1924/preeclampsia_sex_chromosome_informed/deduplicated_clearBox/deduplicated_bams/STP0932_marked_duplicates.bam	/scratch/user/smit1924/preeclampsia_sex_chromosome_informed/deduplicated_clearBox/deduplicated_bams/STP1206_marked_duplicates.bam
Assigned	11241651	5144473	14027324	5676726	6370904	5921367
Unassigned_Unmapped	0	0	0	0	0	0
Unassigned_Read_Type	0	0	0	0	0	0
Unassigned_Singleton	0	0	0	0	0	0
Unassigned_MappingQuality	0	0	0	0	0	0
Unassigned_Chimera	0	0	0	0	0	0
Unassigned_FragmentLength	0	0	0	0	0	0
Unassigned_Duplicate	0	0	0	0	0	0
Unassigned_MultiMapping	18391378	18336600	20516473	6692422	35372414	39104414
Unassigned_Secondary	0	0	0	0	0	0
Unassigned_NonSplit	0	0	0	0	0	0
Unassigned_NoFeatures	9529861	3609393	1921019	1309110	2714214	1878048
Unassigned_Overlapping_Length	1759614	624276	1791193	902572	779341	787113
Unassigned_Ambiguity	527191	220378	657108	296079	289194	285712
